// Vitest Snapshot v1, https://vitest.dev/guide/snapshot.html

exports[`Products Grid test > renders correctly 1`] = `
<section
  class="sc-irLvIq kBuGsJ"
  data-testid="products-grid"
>
  <div
    class="sc-iBdnpw hPNDOm"
    data-testid="product-card"
  >
    <a
      class="sc-fsYfdN kjHyW"
      data-testid="product-card__image-link"
      href="/products/1"
    >
      <img
        alt="Fjallraven - Foldsack No. 1 Backpack, Fits 15 Laptops"
        src="https://fakestoreapi.com/img/81fPKd-2AYL._AC_SL1500_.jpg"
        title="Fjallraven - Foldsack No. 1 Backpack, Fits 15 Laptops"
      />
    </a>
    <div
      class="sc-qZrbh eMJUVW"
    >
      <div
        class="sc-jsEeTM fcyBfv"
      >
        <a
          data-testid="product-card__title-link"
          href="/products/1"
        >
          <h4>
            Fjallraven - Foldsack No. 1 Backpack, Fits 15 Laptops
          </h4>
        </a>
        <div
          class="sc-kFCroH eILygP"
        >
          <img
            alt="star icon"
            class="sc-hLQSwg tgiye"
            src="/src/assets/icons/star.png"
          />
          <p>
            3.9
          </p>
        </div>
      </div>
      <p>
        $109.95
      </p>
      <div
        class="sc-jTQCzO gUCFsf"
        data-testid="product-quantity-selector"
      >
        <div
          class="sc-gLLuof jmFZMA"
        >
          <button
            class="sc-eDLKkx gMZQfM"
            data-testid="product-quantity__decrement-btn"
          >
            â€“
          </button>
          <input
            data-testid="product-quantity__number-input"
            type="number"
            value="1"
          />
          <button
            class="sc-eDLKkx gMZQfM"
            data-testid="product-quantity__increment-btn"
          >
            +
          </button>
        </div>
        <button
          class="sc-eDLKkx gMZQfM"
          data-testid="product-quantity__add-to-cart-btn"
        >
          Add to Cart
        </button>
      </div>
    </div>
  </div>
</section>
`;
